<html>
<body>
<pre>
<h1>礦ision Build Log</h1>
<h2>Tool Versions:</h2>
IDE-Version: μVision V5.38.0.0
Copyright (C) 2022 ARM Ltd and ARM Germany GmbH. All rights reserved.
License Information: c 36340, cdy, LIC=EXJT4-F4L89-II05V-PQ3QT-KCDL5-51JT4
 
Tool Versions:
Toolchain:       MDK-ARM Plus  Version: 5.38.0.0
Toolchain Path:  D:\keil\data\ARM\ARMCC\Bin
C Compiler:      Armcc.exe V5.06 update 7 (build 960)
Assembler:       Armasm.exe V5.06 update 7 (build 960)
Linker/Locator:  ArmLink.exe V5.06 update 7 (build 960)
Library Manager: ArmAr.exe V5.06 update 7 (build 960)
Hex Converter:   FromElf.exe V5.06 update 7 (build 960)
CPU DLL:         SARMCM3.DLL V5.38.0.0
Dialog DLL:      DCM.DLL V1.17.5.0
Target DLL:      CMSIS_AGDI.dll V1.33.15.0
Dialog DLL:      TCM.DLL V1.56.4.0
 
<h2>Project:</h2>
E:\个人标准库构建\Project\Fire_F103.uvprojx
Project File Date:  03/07/2025

<h2>Output:</h2>
*** Using Compiler 'V5.06 update 7 (build 960)', folder: 'D:\keil\data\ARM\ARMCC\Bin'
Rebuild target '标准库模板'
Note: source file '..\SYSTEM\sys\sys.c' - object file renamed from '.\Objects\sys.o' to '.\Objects\sys_1.o'.
assembling startup_stm32f10x_md.s...
compiling stm32f10x_cec.c...
compiling stm32f10x_adc.c...
compiling stm32f10x_flash.c...
compiling stm32f10x_can.c...
compiling stm32f10x_crc.c...
compiling stm32f10x_dbgmcu.c...
compiling stm32f10x_bkp.c...
compiling stm32f10x_i2c.c...
compiling stm32f10x_dma.c...
compiling stm32f10x_pwr.c...
compiling stm32f10x_dac.c...
compiling stm32f10x_exti.c...
compiling stm32f10x_rcc.c...
compiling misc.c...
compiling stm32f10x_rtc.c...
compiling stm32f10x_sdio.c...
compiling stm32f10x_iwdg.c...
compiling stm32f10x_spi.c...
compiling stm32f10x_gpio.c...
compiling stm32f10x_usart.c...
compiling system_stm32f10x.c...
compiling stm32f10x_wwdg.c...
compiling sys.c...
compiling main.c...
..\Libraries\STM32F10x_StdPeriph_Driver\inc\oled.h(55): warning:  #1-D: last line of file ends without a newline
  #endif
..\User\main.c(176): warning:  #1-D: last line of file ends without a newline
  }
..\User\main.c: 2 warnings, 0 errors
compiling stm32f10x_fsmc.c...
compiling oled.c...
..\OLED\OLED\oled.h(55): warning:  #1-D: last line of file ends without a newline
  #endif
..\OLED\OLED\oledfont.h(362): warning:  #1-D: last line of file ends without a newline
  #endif
..\OLED\OLED\oled.c(174): warning:  #186-D: pointless comparison of unsigned integer with zero
  	if((x1<0)||(x2>128)||(y1<0)||(y2>64)||(x1>x2)||(y1>y2))return;
..\OLED\OLED\oled.c(174): warning:  #186-D: pointless comparison of unsigned integer with zero
  	if((x1<0)||(x2>128)||(y1<0)||(y2>64)||(x1>x2)||(y1>y2))return;
..\OLED\OLED\oled.c(173): warning:  #177-D: variable "y0"  was declared but never referenced
  	u8 i,k,k1,k2,y0;
..\OLED\OLED\oled.c(478): warning:  #1-D: last line of file ends without a newline
  }
..\OLED\OLED\oled.c: 6 warnings, 0 errors
compiling stm32f10x_tim.c...
compiling stm32f10x_it.c...
linking...
Program Size: Code=4580 RO-data=268 RW-data=48 ZI-data=2736  
FromELF: creating hex file...
".\Objects\Fire_F103.axf" - 0 Error(s), 8 Warning(s).

<h2>Software Packages used:</h2>

Package Vendor: Keil
                http://www.keil.com/pack/Keil.STM32F1xx_DFP.2.1.0.pack
                Keil.STM32F1xx_DFP.2.1.0
                STMicroelectronics STM32F1 Series Device Support, Drivers and Examples

<h2>Collection of Component include folders:</h2>
  D:/keil/progress/Keil/STM32F1xx_DFP/2.1.0/Device/Include

<h2>Collection of Component Files used:</h2>
Build Time Elapsed:  00:00:01
</pre>
</body>
</html>
